{'type': KeyError('7abe520c-9124-48f0-a8e0-832fb4cb32bb')}
{'type': KeyError('7abe520c-9124-48f0-a8e0-832fb4cb32bb')}
